[2022-03-23T12:42:26.613+0300][gc,heap] Heap region size: 1M
[2022-03-23T12:42:26.637+0300][gc     ] Using G1
[2022-03-23T12:42:26.637+0300][gc,heap,coops] Heap address: 0x00000000c0000000, size: 1024 MB, Compressed Oops mode: 32-bit
[2022-03-23T12:42:26.637+0300][gc,cds       ] Mark closed archive regions in map: [0x00000000fff00000, 0x00000000fff6aff8]
[2022-03-23T12:42:26.637+0300][gc,cds       ] Mark open archive regions in map: [0x00000000ffe00000, 0x00000000ffe46ff8]
[2022-03-23T12:42:27.164+0300][gc,start     ] GC(0) Pause Young (Normal) (G1 Evacuation Pause)
[2022-03-23T12:42:27.164+0300][gc,task      ] GC(0) Using 8 workers of 8 for evacuation
[2022-03-23T12:42:27.180+0300][gc,phases    ] GC(0)   Pre Evacuate Collection Set: 0,0ms
[2022-03-23T12:42:27.180+0300][gc,phases    ] GC(0)   Evacuate Collection Set: 15,2ms
[2022-03-23T12:42:27.180+0300][gc,phases    ] GC(0)   Post Evacuate Collection Set: 0,3ms
[2022-03-23T12:42:27.180+0300][gc,phases    ] GC(0)   Other: 0,5ms
[2022-03-23T12:42:27.180+0300][gc,heap      ] GC(0) Eden regions: 51->0(44)
[2022-03-23T12:42:27.180+0300][gc,heap      ] GC(0) Survivor regions: 0->7(7)
[2022-03-23T12:42:27.180+0300][gc,heap      ] GC(0) Old regions: 2->2
[2022-03-23T12:42:27.180+0300][gc,heap      ] GC(0) Humongous regions: 0->0
[2022-03-23T12:42:27.180+0300][gc,metaspace ] GC(0) Metaspace: 14826K->14826K(1062912K)
[2022-03-23T12:42:27.180+0300][gc           ] GC(0) Pause Young (Normal) (G1 Evacuation Pause) 51M->7M(1024M) 16,052ms
[2022-03-23T12:42:27.180+0300][gc,cpu       ] GC(0) User=0,08s Sys=0,00s Real=0,01s
[2022-03-23T12:42:27.448+0300][gc,start     ] GC(1) Pause Young (Concurrent Start) (Metadata GC Threshold)
[2022-03-23T12:42:27.448+0300][gc,task      ] GC(1) Using 8 workers of 8 for evacuation
[2022-03-23T12:42:27.457+0300][gc,phases    ] GC(1)   Pre Evacuate Collection Set: 0,0ms
[2022-03-23T12:42:27.457+0300][gc,phases    ] GC(1)   Evacuate Collection Set: 8,0ms
[2022-03-23T12:42:27.457+0300][gc,phases    ] GC(1)   Post Evacuate Collection Set: 0,3ms
[2022-03-23T12:42:27.457+0300][gc,phases    ] GC(1)   Other: 0,2ms
[2022-03-23T12:42:27.457+0300][gc,heap      ] GC(1) Eden regions: 24->0(49)
[2022-03-23T12:42:27.457+0300][gc,heap      ] GC(1) Survivor regions: 7->2(7)
[2022-03-23T12:42:27.457+0300][gc,heap      ] GC(1) Old regions: 2->9
[2022-03-23T12:42:27.457+0300][gc,heap      ] GC(1) Humongous regions: 0->0
[2022-03-23T12:42:27.457+0300][gc,metaspace ] GC(1) Metaspace: 20577K->20577K(1067008K)
[2022-03-23T12:42:27.457+0300][gc           ] GC(1) Pause Young (Concurrent Start) (Metadata GC Threshold) 30M->8M(1024M) 8,623ms
[2022-03-23T12:42:27.457+0300][gc,cpu       ] GC(1) User=0,03s Sys=0,01s Real=0,01s
[2022-03-23T12:42:27.457+0300][gc           ] GC(2) Concurrent Cycle
[2022-03-23T12:42:27.457+0300][gc,marking   ] GC(2) Concurrent Clear Claimed Marks
[2022-03-23T12:42:27.457+0300][gc,marking   ] GC(2) Concurrent Clear Claimed Marks 0,014ms
[2022-03-23T12:42:27.457+0300][gc,marking   ] GC(2) Concurrent Scan Root Regions
[2022-03-23T12:42:27.458+0300][gc,marking   ] GC(2) Concurrent Scan Root Regions 0,712ms
[2022-03-23T12:42:27.458+0300][gc,marking   ] GC(2) Concurrent Mark (0,870s)
[2022-03-23T12:42:27.458+0300][gc,marking   ] GC(2) Concurrent Mark From Roots
[2022-03-23T12:42:27.458+0300][gc,task      ] GC(2) Using 2 workers of 2 for marking
[2022-03-23T12:42:27.462+0300][gc,marking   ] GC(2) Concurrent Mark From Roots 4,507ms
[2022-03-23T12:42:27.462+0300][gc,marking   ] GC(2) Concurrent Preclean
[2022-03-23T12:42:27.462+0300][gc,marking   ] GC(2) Concurrent Preclean 0,138ms
[2022-03-23T12:42:27.462+0300][gc,marking   ] GC(2) Concurrent Mark (0,870s, 0,875s) 4,698ms
[2022-03-23T12:42:27.462+0300][gc,start     ] GC(2) Pause Remark
[2022-03-23T12:42:27.464+0300][gc,stringtable] GC(2) Cleaned string and symbol table, strings: 5216 processed, 0 removed, symbols: 51205 processed, 46 removed
[2022-03-23T12:42:27.464+0300][gc            ] GC(2) Pause Remark 9M->9M(1024M) 1,454ms
[2022-03-23T12:42:27.464+0300][gc,cpu        ] GC(2) User=0,01s Sys=0,00s Real=0,00s
[2022-03-23T12:42:27.464+0300][gc,marking    ] GC(2) Concurrent Rebuild Remembered Sets
[2022-03-23T12:42:27.466+0300][gc,marking    ] GC(2) Concurrent Rebuild Remembered Sets 2,442ms
[2022-03-23T12:42:27.467+0300][gc,start      ] GC(2) Pause Cleanup
[2022-03-23T12:42:27.467+0300][gc            ] GC(2) Pause Cleanup 10M->10M(1024M) 0,170ms
[2022-03-23T12:42:27.467+0300][gc,cpu        ] GC(2) User=0,00s Sys=0,00s Real=0,00s
[2022-03-23T12:42:27.467+0300][gc,marking    ] GC(2) Concurrent Cleanup for Next Mark
[2022-03-23T12:42:27.470+0300][gc,marking    ] GC(2) Concurrent Cleanup for Next Mark 2,798ms
[2022-03-23T12:42:27.470+0300][gc            ] GC(2) Concurrent Cycle 12,829ms
[2022-03-23T12:42:27.883+0300][gc,start      ] GC(3) Pause Young (Normal) (G1 Evacuation Pause)
[2022-03-23T12:42:27.883+0300][gc,task       ] GC(3) Using 8 workers of 8 for evacuation
[2022-03-23T12:42:27.886+0300][gc,phases     ] GC(3)   Pre Evacuate Collection Set: 0,0ms
[2022-03-23T12:42:27.886+0300][gc,phases     ] GC(3)   Evacuate Collection Set: 3,3ms
[2022-03-23T12:42:27.886+0300][gc,phases     ] GC(3)   Post Evacuate Collection Set: 0,3ms
[2022-03-23T12:42:27.886+0300][gc,phases     ] GC(3)   Other: 0,1ms
[2022-03-23T12:42:27.886+0300][gc,heap       ] GC(3) Eden regions: 49->0(46)
[2022-03-23T12:42:27.886+0300][gc,heap       ] GC(3) Survivor regions: 2->5(7)
[2022-03-23T12:42:27.886+0300][gc,heap       ] GC(3) Old regions: 9->9
[2022-03-23T12:42:27.886+0300][gc,heap       ] GC(3) Humongous regions: 129->129
[2022-03-23T12:42:27.886+0300][gc,metaspace  ] GC(3) Metaspace: 29029K->29029K(1075200K)
[2022-03-23T12:42:27.886+0300][gc            ] GC(3) Pause Young (Normal) (G1 Evacuation Pause) 186M->140M(1024M) 3,798ms
[2022-03-23T12:42:27.886+0300][gc,cpu        ] GC(3) User=0,02s Sys=0,00s Real=0,00s
[2022-03-23T12:42:28.087+0300][gc,start      ] GC(4) Pause Young (Concurrent Start) (Metadata GC Threshold)
[2022-03-23T12:42:28.087+0300][gc,task       ] GC(4) Using 8 workers of 8 for evacuation
[2022-03-23T12:42:28.093+0300][gc,phases     ] GC(4)   Pre Evacuate Collection Set: 0,1ms
[2022-03-23T12:42:28.093+0300][gc,phases     ] GC(4)   Evacuate Collection Set: 5,5ms
[2022-03-23T12:42:28.093+0300][gc,phases     ] GC(4)   Post Evacuate Collection Set: 0,3ms
[2022-03-23T12:42:28.093+0300][gc,phases     ] GC(4)   Other: 0,2ms
[2022-03-23T12:42:28.093+0300][gc,heap       ] GC(4) Eden regions: 26->0(49)
[2022-03-23T12:42:28.093+0300][gc,heap       ] GC(4) Survivor regions: 5->2(7)
[2022-03-23T12:42:28.093+0300][gc,heap       ] GC(4) Old regions: 9->13
[2022-03-23T12:42:28.093+0300][gc,heap       ] GC(4) Humongous regions: 129->129
[2022-03-23T12:42:28.093+0300][gc,metaspace  ] GC(4) Metaspace: 34403K->34403K(1081344K)
[2022-03-23T12:42:28.093+0300][gc            ] GC(4) Pause Young (Concurrent Start) (Metadata GC Threshold) 165M->142M(1024M) 6,132ms
[2022-03-23T12:42:28.093+0300][gc,cpu        ] GC(4) User=0,04s Sys=0,00s Real=0,01s
[2022-03-23T12:42:28.093+0300][gc            ] GC(5) Concurrent Cycle
[2022-03-23T12:42:28.094+0300][gc,marking    ] GC(5) Concurrent Clear Claimed Marks
[2022-03-23T12:42:28.094+0300][gc,marking    ] GC(5) Concurrent Clear Claimed Marks 0,044ms
[2022-03-23T12:42:28.094+0300][gc,marking    ] GC(5) Concurrent Scan Root Regions
[2022-03-23T12:42:28.094+0300][gc,marking    ] GC(5) Concurrent Scan Root Regions 0,871ms
[2022-03-23T12:42:28.094+0300][gc,marking    ] GC(5) Concurrent Mark (1,507s)
[2022-03-23T12:42:28.094+0300][gc,marking    ] GC(5) Concurrent Mark From Roots
[2022-03-23T12:42:28.094+0300][gc,task       ] GC(5) Using 2 workers of 2 for marking
[2022-03-23T12:42:28.110+0300][gc,marking    ] GC(5) Concurrent Mark From Roots 15,652ms
[2022-03-23T12:42:28.110+0300][gc,marking    ] GC(5) Concurrent Preclean
[2022-03-23T12:42:28.110+0300][gc,marking    ] GC(5) Concurrent Preclean 0,111ms
[2022-03-23T12:42:28.110+0300][gc,marking    ] GC(5) Concurrent Mark (1,507s, 1,523s) 15,823ms
[2022-03-23T12:42:28.110+0300][gc,start      ] GC(5) Pause Remark
[2022-03-23T12:42:28.117+0300][gc,stringtable] GC(5) Cleaned string and symbol table, strings: 10335 processed, 10 removed, symbols: 83785 processed, 13 removed
[2022-03-23T12:42:28.117+0300][gc            ] GC(5) Pause Remark 145M->145M(1024M) 7,073ms
[2022-03-23T12:42:28.117+0300][gc,cpu        ] GC(5) User=0,04s Sys=0,00s Real=0,01s
[2022-03-23T12:42:28.118+0300][gc,marking    ] GC(5) Concurrent Rebuild Remembered Sets
[2022-03-23T12:42:28.132+0300][gc,marking    ] GC(5) Concurrent Rebuild Remembered Sets 14,954ms
[2022-03-23T12:42:28.133+0300][gc,start      ] GC(5) Pause Cleanup
[2022-03-23T12:42:28.133+0300][gc            ] GC(5) Pause Cleanup 147M->147M(1024M) 0,153ms
[2022-03-23T12:42:28.133+0300][gc,cpu        ] GC(5) User=0,00s Sys=0,00s Real=0,00s
[2022-03-23T12:42:28.133+0300][gc,marking    ] GC(5) Concurrent Cleanup for Next Mark
[2022-03-23T12:42:28.138+0300][gc,marking    ] GC(5) Concurrent Cleanup for Next Mark 4,134ms
[2022-03-23T12:42:28.138+0300][gc            ] GC(5) Concurrent Cycle 44,096ms
[2022-03-23T12:47:30.220+0300][gc,start      ] GC(6) Pause Young (Concurrent Start) (G1 Evacuation Pause)
[2022-03-23T12:47:30.220+0300][gc,task       ] GC(6) Using 8 workers of 8 for evacuation
[2022-03-23T12:47:30.224+0300][gc,phases     ] GC(6)   Pre Evacuate Collection Set: 0,1ms
[2022-03-23T12:47:30.224+0300][gc,phases     ] GC(6)   Evacuate Collection Set: 3,3ms
[2022-03-23T12:47:30.224+0300][gc,phases     ] GC(6)   Post Evacuate Collection Set: 0,4ms
[2022-03-23T12:47:30.224+0300][gc,phases     ] GC(6)   Other: 0,3ms
[2022-03-23T12:47:30.224+0300][gc,heap       ] GC(6) Eden regions: 49->0(46)
[2022-03-23T12:47:30.224+0300][gc,heap       ] GC(6) Survivor regions: 2->5(7)
[2022-03-23T12:47:30.224+0300][gc,heap       ] GC(6) Old regions: 13->13
[2022-03-23T12:47:30.224+0300][gc,heap       ] GC(6) Humongous regions: 129->129
[2022-03-23T12:47:30.224+0300][gc,metaspace  ] GC(6) Metaspace: 41306K->41306K(1087488K)
[2022-03-23T12:47:30.224+0300][gc            ] GC(6) Pause Young (Concurrent Start) (G1 Evacuation Pause) 191M->144M(1024M) 4,237ms
[2022-03-23T12:47:30.224+0300][gc,cpu        ] GC(6) User=0,03s Sys=0,00s Real=0,01s
[2022-03-23T12:47:30.224+0300][gc            ] GC(7) Concurrent Cycle
[2022-03-23T12:47:30.224+0300][gc,marking    ] GC(7) Concurrent Clear Claimed Marks
[2022-03-23T12:47:30.224+0300][gc,marking    ] GC(7) Concurrent Clear Claimed Marks 0,096ms
[2022-03-23T12:47:30.224+0300][gc,marking    ] GC(7) Concurrent Scan Root Regions
[2022-03-23T12:47:30.226+0300][gc,marking    ] GC(7) Concurrent Scan Root Regions 1,686ms
[2022-03-23T12:47:30.226+0300][gc,marking    ] GC(7) Concurrent Mark (303,639s)
[2022-03-23T12:47:30.226+0300][gc,marking    ] GC(7) Concurrent Mark From Roots
[2022-03-23T12:47:30.226+0300][gc,task       ] GC(7) Using 2 workers of 2 for marking
[2022-03-23T12:47:30.232+0300][gc,marking    ] GC(7) Concurrent Mark From Roots 6,192ms
[2022-03-23T12:47:30.232+0300][gc,marking    ] GC(7) Concurrent Preclean
[2022-03-23T12:47:30.232+0300][gc,marking    ] GC(7) Concurrent Preclean 0,106ms
[2022-03-23T12:47:30.232+0300][gc,marking    ] GC(7) Concurrent Mark (303,639s, 303,645s) 6,342ms
[2022-03-23T12:47:30.233+0300][gc,start      ] GC(7) Pause Remark
[2022-03-23T12:47:30.234+0300][gc,stringtable] GC(7) Cleaned string and symbol table, strings: 11665 processed, 5 removed, symbols: 90443 processed, 7 removed
[2022-03-23T12:47:30.235+0300][gc            ] GC(7) Pause Remark 145M->145M(1024M) 2,106ms
[2022-03-23T12:47:30.235+0300][gc,cpu        ] GC(7) User=0,01s Sys=0,00s Real=0,01s
[2022-03-23T12:47:30.235+0300][gc,marking    ] GC(7) Concurrent Rebuild Remembered Sets
[2022-03-23T12:47:30.239+0300][gc,marking    ] GC(7) Concurrent Rebuild Remembered Sets 3,895ms
[2022-03-23T12:47:30.239+0300][gc,start      ] GC(7) Pause Cleanup
[2022-03-23T12:47:30.239+0300][gc            ] GC(7) Pause Cleanup 145M->145M(1024M) 0,136ms
[2022-03-23T12:47:30.239+0300][gc,cpu        ] GC(7) User=0,00s Sys=0,00s Real=0,00s
[2022-03-23T12:47:30.239+0300][gc,marking    ] GC(7) Concurrent Cleanup for Next Mark
[2022-03-23T12:47:30.240+0300][gc,marking    ] GC(7) Concurrent Cleanup for Next Mark 0,699ms
[2022-03-23T12:47:30.240+0300][gc            ] GC(7) Concurrent Cycle 15,436ms
[2022-03-23T12:51:47.583+0300][gc,heap,exit  ] Heap
[2022-03-23T12:51:47.583+0300][gc,heap,exit  ]  garbage-first heap   total 1048576K, used 168886K [0x00000000c0000000, 0x0000000100000000)
[2022-03-23T12:51:47.583+0300][gc,heap,exit  ]   region size 1024K, 27 young (27648K), 5 survivors (5120K)
[2022-03-23T12:51:47.583+0300][gc,heap,exit  ]  Metaspace       used 43419K, capacity 46234K, committed 46540K, reserved 1089536K
[2022-03-23T12:51:47.583+0300][gc,heap,exit  ]   class space    used 5875K, capacity 7313K, committed 7424K, reserved 1048576K
