[2022-03-29T15:09:06.616+0300][gc,heap] Heap region size: 1M
[2022-03-29T15:09:06.626+0300][gc     ] Using G1
[2022-03-29T15:09:06.626+0300][gc,heap,coops] Heap address: 0x00000000c0000000, size: 1024 MB, Compressed Oops mode: 32-bit
[2022-03-29T15:09:06.626+0300][gc,cds       ] Mark closed archive regions in map: [0x00000000fff00000, 0x00000000fff6aff8]
[2022-03-29T15:09:06.626+0300][gc,cds       ] Mark open archive regions in map: [0x00000000ffe00000, 0x00000000ffe46ff8]
[2022-03-29T15:09:07.183+0300][gc,start     ] GC(0) Pause Young (Normal) (G1 Evacuation Pause)
[2022-03-29T15:09:07.183+0300][gc,task      ] GC(0) Using 8 workers of 8 for evacuation
[2022-03-29T15:09:07.190+0300][gc,phases    ] GC(0)   Pre Evacuate Collection Set: 0,0ms
[2022-03-29T15:09:07.190+0300][gc,phases    ] GC(0)   Evacuate Collection Set: 6,6ms
[2022-03-29T15:09:07.190+0300][gc,phases    ] GC(0)   Post Evacuate Collection Set: 0,4ms
[2022-03-29T15:09:07.190+0300][gc,phases    ] GC(0)   Other: 0,5ms
[2022-03-29T15:09:07.190+0300][gc,heap      ] GC(0) Eden regions: 51->0(44)
[2022-03-29T15:09:07.190+0300][gc,heap      ] GC(0) Survivor regions: 0->7(7)
[2022-03-29T15:09:07.190+0300][gc,heap      ] GC(0) Old regions: 2->2
[2022-03-29T15:09:07.190+0300][gc,heap      ] GC(0) Humongous regions: 0->0
[2022-03-29T15:09:07.190+0300][gc,metaspace ] GC(0) Metaspace: 14847K->14847K(1062912K)
[2022-03-29T15:09:07.190+0300][gc           ] GC(0) Pause Young (Normal) (G1 Evacuation Pause) 51M->7M(1024M) 7,574ms
[2022-03-29T15:09:07.190+0300][gc,cpu       ] GC(0) User=0,04s Sys=0,00s Real=0,01s
[2022-03-29T15:09:07.471+0300][gc,start     ] GC(1) Pause Young (Concurrent Start) (Metadata GC Threshold)
[2022-03-29T15:09:07.471+0300][gc,task      ] GC(1) Using 8 workers of 8 for evacuation
[2022-03-29T15:09:07.477+0300][gc,phases    ] GC(1)   Pre Evacuate Collection Set: 0,0ms
[2022-03-29T15:09:07.477+0300][gc,phases    ] GC(1)   Evacuate Collection Set: 5,3ms
[2022-03-29T15:09:07.477+0300][gc,phases    ] GC(1)   Post Evacuate Collection Set: 0,3ms
[2022-03-29T15:09:07.477+0300][gc,phases    ] GC(1)   Other: 0,2ms
[2022-03-29T15:09:07.477+0300][gc,heap      ] GC(1) Eden regions: 25->0(49)
[2022-03-29T15:09:07.477+0300][gc,heap      ] GC(1) Survivor regions: 7->2(7)
[2022-03-29T15:09:07.477+0300][gc,heap      ] GC(1) Old regions: 2->9
[2022-03-29T15:09:07.477+0300][gc,heap      ] GC(1) Humongous regions: 0->0
[2022-03-29T15:09:07.477+0300][gc,metaspace ] GC(1) Metaspace: 20648K->20648K(1067008K)
[2022-03-29T15:09:07.477+0300][gc           ] GC(1) Pause Young (Concurrent Start) (Metadata GC Threshold) 31M->8M(1024M) 5,860ms
[2022-03-29T15:09:07.477+0300][gc,cpu       ] GC(1) User=0,02s Sys=0,00s Real=0,01s
[2022-03-29T15:09:07.477+0300][gc           ] GC(2) Concurrent Cycle
[2022-03-29T15:09:07.477+0300][gc,marking   ] GC(2) Concurrent Clear Claimed Marks
[2022-03-29T15:09:07.477+0300][gc,marking   ] GC(2) Concurrent Clear Claimed Marks 0,026ms
[2022-03-29T15:09:07.477+0300][gc,marking   ] GC(2) Concurrent Scan Root Regions
[2022-03-29T15:09:07.478+0300][gc,marking   ] GC(2) Concurrent Scan Root Regions 0,728ms
[2022-03-29T15:09:07.478+0300][gc,marking   ] GC(2) Concurrent Mark (0,865s)
[2022-03-29T15:09:07.478+0300][gc,marking   ] GC(2) Concurrent Mark From Roots
[2022-03-29T15:09:07.478+0300][gc,task      ] GC(2) Using 2 workers of 2 for marking
[2022-03-29T15:09:07.485+0300][gc,marking   ] GC(2) Concurrent Mark From Roots 6,945ms
[2022-03-29T15:09:07.485+0300][gc,marking   ] GC(2) Concurrent Preclean
[2022-03-29T15:09:07.485+0300][gc,marking   ] GC(2) Concurrent Preclean 0,123ms
[2022-03-29T15:09:07.485+0300][gc,marking   ] GC(2) Concurrent Mark (0,865s, 0,872s) 7,120ms
[2022-03-29T15:09:07.485+0300][gc,start     ] GC(2) Pause Remark
[2022-03-29T15:09:07.490+0300][gc,stringtable] GC(2) Cleaned string and symbol table, strings: 5241 processed, 0 removed, symbols: 51319 processed, 46 removed
[2022-03-29T15:09:07.490+0300][gc            ] GC(2) Pause Remark 10M->10M(1024M) 5,049ms
[2022-03-29T15:09:07.490+0300][gc,cpu        ] GC(2) User=0,03s Sys=0,00s Real=0,01s
[2022-03-29T15:09:07.490+0300][gc,marking    ] GC(2) Concurrent Rebuild Remembered Sets
[2022-03-29T15:09:07.492+0300][gc,marking    ] GC(2) Concurrent Rebuild Remembered Sets 2,368ms
[2022-03-29T15:09:07.492+0300][gc,start      ] GC(2) Pause Cleanup
[2022-03-29T15:09:07.493+0300][gc            ] GC(2) Pause Cleanup 10M->10M(1024M) 0,161ms
[2022-03-29T15:09:07.493+0300][gc,cpu        ] GC(2) User=0,00s Sys=0,00s Real=0,00s
[2022-03-29T15:09:07.493+0300][gc,marking    ] GC(2) Concurrent Cleanup for Next Mark
[2022-03-29T15:09:07.496+0300][gc,marking    ] GC(2) Concurrent Cleanup for Next Mark 3,065ms
[2022-03-29T15:09:07.496+0300][gc            ] GC(2) Concurrent Cycle 18,835ms
[2022-03-29T15:09:07.904+0300][gc,start      ] GC(3) Pause Young (Normal) (G1 Evacuation Pause)
[2022-03-29T15:09:07.904+0300][gc,task       ] GC(3) Using 8 workers of 8 for evacuation
[2022-03-29T15:09:07.908+0300][gc,phases     ] GC(3)   Pre Evacuate Collection Set: 0,0ms
[2022-03-29T15:09:07.908+0300][gc,phases     ] GC(3)   Evacuate Collection Set: 3,4ms
[2022-03-29T15:09:07.908+0300][gc,phases     ] GC(3)   Post Evacuate Collection Set: 0,3ms
[2022-03-29T15:09:07.908+0300][gc,phases     ] GC(3)   Other: 0,1ms
[2022-03-29T15:09:07.908+0300][gc,heap       ] GC(3) Eden regions: 49->0(46)
[2022-03-29T15:09:07.908+0300][gc,heap       ] GC(3) Survivor regions: 2->5(7)
[2022-03-29T15:09:07.908+0300][gc,heap       ] GC(3) Old regions: 9->9
[2022-03-29T15:09:07.908+0300][gc,heap       ] GC(3) Humongous regions: 129->129
[2022-03-29T15:09:07.908+0300][gc,metaspace  ] GC(3) Metaspace: 28969K->28969K(1075200K)
[2022-03-29T15:09:07.908+0300][gc            ] GC(3) Pause Young (Normal) (G1 Evacuation Pause) 186M->140M(1024M) 3,944ms
[2022-03-29T15:09:07.908+0300][gc,cpu        ] GC(3) User=0,02s Sys=0,00s Real=0,01s
[2022-03-29T15:09:08.114+0300][gc,start      ] GC(4) Pause Young (Concurrent Start) (Metadata GC Threshold)
[2022-03-29T15:09:08.114+0300][gc,task       ] GC(4) Using 8 workers of 8 for evacuation
[2022-03-29T15:09:08.120+0300][gc,phases     ] GC(4)   Pre Evacuate Collection Set: 0,1ms
[2022-03-29T15:09:08.120+0300][gc,phases     ] GC(4)   Evacuate Collection Set: 5,4ms
[2022-03-29T15:09:08.120+0300][gc,phases     ] GC(4)   Post Evacuate Collection Set: 0,3ms
[2022-03-29T15:09:08.120+0300][gc,phases     ] GC(4)   Other: 0,2ms
[2022-03-29T15:09:08.120+0300][gc,heap       ] GC(4) Eden regions: 27->0(49)
[2022-03-29T15:09:08.120+0300][gc,heap       ] GC(4) Survivor regions: 5->2(7)
[2022-03-29T15:09:08.120+0300][gc,heap       ] GC(4) Old regions: 9->13
[2022-03-29T15:09:08.120+0300][gc,heap       ] GC(4) Humongous regions: 129->129
[2022-03-29T15:09:08.120+0300][gc,metaspace  ] GC(4) Metaspace: 34504K->34504K(1081344K)
[2022-03-29T15:09:08.120+0300][gc            ] GC(4) Pause Young (Concurrent Start) (Metadata GC Threshold) 166M->142M(1024M) 5,945ms
[2022-03-29T15:09:08.120+0300][gc,cpu        ] GC(4) User=0,02s Sys=0,00s Real=0,01s
[2022-03-29T15:09:08.120+0300][gc            ] GC(5) Concurrent Cycle
[2022-03-29T15:09:08.120+0300][gc,marking    ] GC(5) Concurrent Clear Claimed Marks
[2022-03-29T15:09:08.120+0300][gc,marking    ] GC(5) Concurrent Clear Claimed Marks 0,050ms
[2022-03-29T15:09:08.120+0300][gc,marking    ] GC(5) Concurrent Scan Root Regions
[2022-03-29T15:09:08.121+0300][gc,marking    ] GC(5) Concurrent Scan Root Regions 0,721ms
[2022-03-29T15:09:08.121+0300][gc,marking    ] GC(5) Concurrent Mark (1,508s)
[2022-03-29T15:09:08.121+0300][gc,marking    ] GC(5) Concurrent Mark From Roots
[2022-03-29T15:09:08.121+0300][gc,task       ] GC(5) Using 2 workers of 2 for marking
[2022-03-29T15:09:08.130+0300][gc,marking    ] GC(5) Concurrent Mark From Roots 9,318ms
[2022-03-29T15:09:08.130+0300][gc,marking    ] GC(5) Concurrent Preclean
[2022-03-29T15:09:08.130+0300][gc,marking    ] GC(5) Concurrent Preclean 0,119ms
[2022-03-29T15:09:08.130+0300][gc,marking    ] GC(5) Concurrent Mark (1,508s, 1,517s) 9,491ms
[2022-03-29T15:09:08.130+0300][gc,start      ] GC(5) Pause Remark
[2022-03-29T15:09:08.132+0300][gc,stringtable] GC(5) Cleaned string and symbol table, strings: 10344 processed, 10 removed, symbols: 83602 processed, 15 removed
[2022-03-29T15:09:08.133+0300][gc            ] GC(5) Pause Remark 144M->144M(1024M) 2,353ms
[2022-03-29T15:09:08.133+0300][gc,cpu        ] GC(5) User=0,01s Sys=0,00s Real=0,00s
[2022-03-29T15:09:08.133+0300][gc,marking    ] GC(5) Concurrent Rebuild Remembered Sets
[2022-03-29T15:09:08.146+0300][gc,marking    ] GC(5) Concurrent Rebuild Remembered Sets 13,240ms
[2022-03-29T15:09:08.150+0300][gc,start      ] GC(5) Pause Cleanup
[2022-03-29T15:09:08.151+0300][gc            ] GC(5) Pause Cleanup 146M->146M(1024M) 0,225ms
[2022-03-29T15:09:08.151+0300][gc,cpu        ] GC(5) User=0,00s Sys=0,00s Real=0,00s
[2022-03-29T15:09:08.151+0300][gc,marking    ] GC(5) Concurrent Cleanup for Next Mark
[2022-03-29T15:09:08.156+0300][gc,marking    ] GC(5) Concurrent Cleanup for Next Mark 5,322ms
[2022-03-29T15:09:08.156+0300][gc            ] GC(5) Concurrent Cycle 35,986ms
[2022-03-29T15:14:16.362+0300][gc,start      ] GC(6) Pause Young (Normal) (G1 Evacuation Pause)
[2022-03-29T15:14:16.362+0300][gc,task       ] GC(6) Using 8 workers of 8 for evacuation
[2022-03-29T15:14:16.367+0300][gc,phases     ] GC(6)   Pre Evacuate Collection Set: 0,0ms
[2022-03-29T15:14:16.367+0300][gc,phases     ] GC(6)   Evacuate Collection Set: 4,7ms
[2022-03-29T15:14:16.367+0300][gc,phases     ] GC(6)   Post Evacuate Collection Set: 0,4ms
[2022-03-29T15:14:16.367+0300][gc,phases     ] GC(6)   Other: 0,2ms
[2022-03-29T15:14:16.367+0300][gc,heap       ] GC(6) Eden regions: 49->0(46)
[2022-03-29T15:14:16.367+0300][gc,heap       ] GC(6) Survivor regions: 2->5(7)
[2022-03-29T15:14:16.367+0300][gc,heap       ] GC(6) Old regions: 13->13
[2022-03-29T15:14:16.367+0300][gc,heap       ] GC(6) Humongous regions: 129->129
[2022-03-29T15:14:16.367+0300][gc,metaspace  ] GC(6) Metaspace: 41176K->41176K(1087488K)
[2022-03-29T15:14:16.367+0300][gc            ] GC(6) Pause Young (Normal) (G1 Evacuation Pause) 191M->144M(1024M) 5,466ms
[2022-03-29T15:14:16.367+0300][gc,cpu        ] GC(6) User=0,02s Sys=0,00s Real=0,01s
[2022-03-29T15:24:32.746+0300][gc,start      ] GC(7) Pause Young (Normal) (G1 Evacuation Pause)
[2022-03-29T15:24:32.746+0300][gc,task       ] GC(7) Using 8 workers of 8 for evacuation
[2022-03-29T15:24:32.761+0300][gc,phases     ] GC(7)   Pre Evacuate Collection Set: 0,0ms
[2022-03-29T15:24:32.761+0300][gc,phases     ] GC(7)   Evacuate Collection Set: 13,1ms
[2022-03-29T15:24:32.762+0300][gc,phases     ] GC(7)   Post Evacuate Collection Set: 1,9ms
[2022-03-29T15:24:32.762+0300][gc,phases     ] GC(7)   Other: 0,5ms
[2022-03-29T15:24:32.762+0300][gc,heap       ] GC(7) Eden regions: 46->0(46)
[2022-03-29T15:24:32.762+0300][gc,heap       ] GC(7) Survivor regions: 5->5(7)
[2022-03-29T15:24:32.762+0300][gc,heap       ] GC(7) Old regions: 13->15
[2022-03-29T15:24:32.762+0300][gc,heap       ] GC(7) Humongous regions: 129->129
[2022-03-29T15:24:32.762+0300][gc,metaspace  ] GC(7) Metaspace: 43604K->43604K(1089536K)
[2022-03-29T15:24:32.762+0300][gc            ] GC(7) Pause Young (Normal) (G1 Evacuation Pause) 190M->146M(1024M) 15,939ms
[2022-03-29T15:24:32.762+0300][gc,cpu        ] GC(7) User=0,11s Sys=0,00s Real=0,02s
[2022-03-29T15:35:58.150+0300][gc,start      ] GC(8) Pause Young (Normal) (G1 Evacuation Pause)
[2022-03-29T15:35:58.150+0300][gc,task       ] GC(8) Using 8 workers of 8 for evacuation
[2022-03-29T15:35:58.157+0300][gc,phases     ] GC(8)   Pre Evacuate Collection Set: 0,0ms
[2022-03-29T15:35:58.157+0300][gc,phases     ] GC(8)   Evacuate Collection Set: 6,6ms
[2022-03-29T15:35:58.157+0300][gc,phases     ] GC(8)   Post Evacuate Collection Set: 0,4ms
[2022-03-29T15:35:58.157+0300][gc,phases     ] GC(8)   Other: 0,4ms
[2022-03-29T15:35:58.157+0300][gc,heap       ] GC(8) Eden regions: 46->0(47)
[2022-03-29T15:35:58.157+0300][gc,heap       ] GC(8) Survivor regions: 5->4(7)
[2022-03-29T15:35:58.157+0300][gc,heap       ] GC(8) Old regions: 15->17
[2022-03-29T15:35:58.157+0300][gc,heap       ] GC(8) Humongous regions: 129->129
[2022-03-29T15:35:58.157+0300][gc,metaspace  ] GC(8) Metaspace: 43727K->43727K(1089536K)
[2022-03-29T15:35:58.157+0300][gc            ] GC(8) Pause Young (Normal) (G1 Evacuation Pause) 192M->148M(1024M) 7,434ms
[2022-03-29T15:35:58.157+0300][gc,cpu        ] GC(8) User=0,05s Sys=0,00s Real=0,01s
[2022-03-29T15:44:26.360+0300][gc,start      ] GC(9) Pause Young (Normal) (G1 Evacuation Pause)
[2022-03-29T15:44:26.360+0300][gc,task       ] GC(9) Using 8 workers of 8 for evacuation
[2022-03-29T15:44:26.366+0300][gc,phases     ] GC(9)   Pre Evacuate Collection Set: 0,0ms
[2022-03-29T15:44:26.366+0300][gc,phases     ] GC(9)   Evacuate Collection Set: 4,8ms
[2022-03-29T15:44:26.366+0300][gc,phases     ] GC(9)   Post Evacuate Collection Set: 0,4ms
[2022-03-29T15:44:26.366+0300][gc,phases     ] GC(9)   Other: 0,4ms
[2022-03-29T15:44:26.366+0300][gc,heap       ] GC(9) Eden regions: 47->0(47)
[2022-03-29T15:44:26.366+0300][gc,heap       ] GC(9) Survivor regions: 4->4(7)
[2022-03-29T15:44:26.366+0300][gc,heap       ] GC(9) Old regions: 17->17
[2022-03-29T15:44:26.366+0300][gc,heap       ] GC(9) Humongous regions: 129->129
[2022-03-29T15:44:26.366+0300][gc,metaspace  ] GC(9) Metaspace: 44204K->44204K(1089536K)
[2022-03-29T15:44:26.366+0300][gc            ] GC(9) Pause Young (Normal) (G1 Evacuation Pause) 195M->148M(1024M) 5,628ms
[2022-03-29T15:44:26.366+0300][gc,cpu        ] GC(9) User=0,04s Sys=0,00s Real=0,00s
[2022-03-29T15:53:59.149+0300][gc,start      ] GC(10) Pause Young (Normal) (G1 Evacuation Pause)
[2022-03-29T15:53:59.149+0300][gc,task       ] GC(10) Using 8 workers of 8 for evacuation
[2022-03-29T15:53:59.156+0300][gc,phases     ] GC(10)   Pre Evacuate Collection Set: 0,0ms
[2022-03-29T15:53:59.156+0300][gc,phases     ] GC(10)   Evacuate Collection Set: 5,5ms
[2022-03-29T15:53:59.156+0300][gc,phases     ] GC(10)   Post Evacuate Collection Set: 0,9ms
[2022-03-29T15:53:59.156+0300][gc,phases     ] GC(10)   Other: 0,4ms
[2022-03-29T15:53:59.156+0300][gc,heap       ] GC(10) Eden regions: 47->0(56)
[2022-03-29T15:53:59.156+0300][gc,heap       ] GC(10) Survivor regions: 4->3(7)
[2022-03-29T15:53:59.156+0300][gc,heap       ] GC(10) Old regions: 17->17
[2022-03-29T15:53:59.156+0300][gc,heap       ] GC(10) Humongous regions: 129->129
[2022-03-29T15:53:59.156+0300][gc,metaspace  ] GC(10) Metaspace: 44259K->44259K(1089536K)
[2022-03-29T15:53:59.156+0300][gc            ] GC(10) Pause Young (Normal) (G1 Evacuation Pause) 195M->147M(1024M) 6,826ms
[2022-03-29T15:53:59.156+0300][gc,cpu        ] GC(10) User=0,05s Sys=0,00s Real=0,01s
[2022-03-29T16:05:28.982+0300][gc,start      ] GC(11) Pause Young (Normal) (G1 Evacuation Pause)
[2022-03-29T16:05:28.982+0300][gc,task       ] GC(11) Using 8 workers of 8 for evacuation
[2022-03-29T16:05:28.988+0300][gc,phases     ] GC(11)   Pre Evacuate Collection Set: 0,0ms
[2022-03-29T16:05:28.988+0300][gc,phases     ] GC(11)   Evacuate Collection Set: 5,4ms
[2022-03-29T16:05:28.988+0300][gc,phases     ] GC(11)   Post Evacuate Collection Set: 0,5ms
[2022-03-29T16:05:28.988+0300][gc,phases     ] GC(11)   Other: 0,4ms
[2022-03-29T16:05:28.988+0300][gc,heap       ] GC(11) Eden regions: 56->0(59)
[2022-03-29T16:05:28.988+0300][gc,heap       ] GC(11) Survivor regions: 3->5(8)
[2022-03-29T16:05:28.988+0300][gc,heap       ] GC(11) Old regions: 17->17
[2022-03-29T16:05:28.988+0300][gc,heap       ] GC(11) Humongous regions: 129->129
[2022-03-29T16:05:28.988+0300][gc,metaspace  ] GC(11) Metaspace: 44319K->44319K(1089536K)
[2022-03-29T16:05:28.988+0300][gc            ] GC(11) Pause Young (Normal) (G1 Evacuation Pause) 203M->148M(1024M) 6,368ms
[2022-03-29T16:05:28.988+0300][gc,cpu        ] GC(11) User=0,03s Sys=0,01s Real=0,01s
[2022-03-29T16:16:53.150+0300][gc,start      ] GC(12) Pause Young (Normal) (G1 Evacuation Pause)
[2022-03-29T16:16:53.150+0300][gc,task       ] GC(12) Using 8 workers of 8 for evacuation
[2022-03-29T16:16:53.157+0300][gc,phases     ] GC(12)   Pre Evacuate Collection Set: 0,0ms
[2022-03-29T16:16:53.157+0300][gc,phases     ] GC(12)   Evacuate Collection Set: 6,0ms
[2022-03-29T16:16:53.157+0300][gc,phases     ] GC(12)   Post Evacuate Collection Set: 0,9ms
[2022-03-29T16:16:53.157+0300][gc,phases     ] GC(12)   Other: 0,4ms
[2022-03-29T16:16:53.157+0300][gc,heap       ] GC(12) Eden regions: 59->0(610)
[2022-03-29T16:16:53.157+0300][gc,heap       ] GC(12) Survivor regions: 5->4(8)
[2022-03-29T16:16:53.157+0300][gc,heap       ] GC(12) Old regions: 17->17
[2022-03-29T16:16:53.157+0300][gc,heap       ] GC(12) Humongous regions: 129->129
[2022-03-29T16:16:53.157+0300][gc,metaspace  ] GC(12) Metaspace: 44400K->44400K(1089536K)
[2022-03-29T16:16:53.157+0300][gc            ] GC(12) Pause Young (Normal) (G1 Evacuation Pause) 207M->148M(1024M) 7,385ms
[2022-03-29T16:16:53.157+0300][gc,cpu        ] GC(12) User=0,05s Sys=0,00s Real=0,01s
[2022-03-29T16:31:14.475+0300][gc,heap,exit  ] Heap
[2022-03-29T16:31:14.475+0300][gc,heap,exit  ]  garbage-first heap   total 1048576K, used 235975K [0x00000000c0000000, 0x0000000100000000)
[2022-03-29T16:31:14.475+0300][gc,heap,exit  ]   region size 1024K, 88 young (90112K), 4 survivors (4096K)
[2022-03-29T16:31:14.475+0300][gc,heap,exit  ]  Metaspace       used 45304K, capacity 48350K, committed 48460K, reserved 1089536K
[2022-03-29T16:31:14.475+0300][gc,heap,exit  ]   class space    used 6041K, capacity 7549K, committed 7552K, reserved 1048576K
